
== customer_state orders
                 test      val
gbm0            0.274    0.148
gbm1            0.273    0.153
h1 bestmodel    0.223    0.125
h1 last         0.208    0.142
h1 m4           0.244    0.151
h2 bestmodel    0.264    0.146
h2 last         0.301    0.160
h2 m4           0.270    0.151
h3 bestmodel    0.286    0.157
h3 last         0.347    0.159
h3 m4           0.259    0.151
h4 bestmodel    0.298    0.156
h4 last         0.336    0.161
h4 m4           0.259    0.154
last            0.298    0.155
m12             0.234    0.131
m4              0.258    0.152
m8              0.252    0.135
n_obs         520.000  740.000
ridge           0.270    0.154

== cat orders
                 test      val
gbm0            0.269    0.229
gbm1            0.267    0.231
h1 bestmodel    0.223    0.196
h1 last         0.242    0.171
h1 m4           0.270    0.203
h2 bestmodel    0.257    0.223
h2 last         0.302    0.213
h2 m4           0.291    0.225
h3 bestmodel    0.293    0.243
h3 last         0.361    0.227
h3 m4           0.283    0.235
h4 bestmodel    0.295    0.248
h4 last         0.349    0.237
h4 m4           0.267    0.246
last            0.314    0.211
m12             0.265    0.236
m4              0.278    0.226
m8              0.269    0.234
n_obs         520.000  740.000
ridge           0.270    0.230

== customer_state gmv
                 test      val
gbm0            0.322    0.163
gbm1            0.330    0.164
h1 bestmodel    0.261    0.160
h1 last         0.260    0.179
h1 m4           0.274    0.183
h2 bestmodel    0.289    0.164
h2 last         0.328    0.194
h2 m4           0.302    0.185
h3 bestmodel    0.319    0.165
h3 last         0.379    0.198
h3 m4           0.305    0.186
h4 bestmodel    0.332    0.162
h4 last         0.367    0.204
h4 m4           0.294    0.176
last            0.333    0.193
m12             0.263    0.173
m4              0.294    0.183
m8              0.287    0.165
n_obs         520.000  740.000
ridge           0.300    0.172

== cat gmv
                 test      val
gbm0            0.298    0.255
gbm1            0.295    0.254
h1 bestmodel    0.260    0.220
h1 last         0.308    0.213
h1 m4           0.281    0.242
h2 bestmodel    0.277    0.237
h2 last         0.334    0.260
h2 m4           0.300    0.261
h3 bestmodel    0.311    0.250
h3 last         0.376    0.275
h3 m4           0.300    0.266
h4 bestmodel    0.311    0.275
h4 last         0.368    0.288
h4 m4           0.288    0.263
last            0.346    0.258
m12             0.282    0.259
m4              0.292    0.257
m8              0.287    0.250
n_obs         520.000  740.000
ridge           0.292    0.245
total weekly orders tail [1571 1552 1611 1735 1881 1633 1589 1708 1464 1586 1551 1665 1670 1762
 1971 1830  946 1081 1433 1512 1451 1393 1188  988 1666 1634 2030 1961
 1852 1058]
