All orders 99441; without items 775 ({'unavailable': np.int64(603), 'canceled': np.int64(164), 'created': np.int64(5), 'invoiced': np.int64(2), 'shipped': np.int64(1)}); with items but not approved 14
fail (canceled/unavailable) orders overall 1234; of which have no items (no seller; cannot be scored) 767; never approved 141
Dataset end (last purchase) 2018-10-17 17:30:18; stuck cutoff 2018-08-18 17:30:18
Scored population: approved orders with items = 98652
order_status
delivered      96464
shipped         1106
canceled         461
invoiced         312
processing       301
unavailable        6
approved           2
fail in scored pop 467 (0.0047); fail2 2182; excl2 6
features: 34 numeric + 4 categorical

# ===== Target `fail` (positives in scored pop 467, rows used 98652) =====
fail val window 2018-01-01 39393 217 7140 32
fail val window 2018-02-01 44876 223 6675 71
fail val window 2018-03-01 51463 246 7269 20
fail val window 2018-04-01 58940 328 6772 14
fail val window 2018-05-01 65904 346 6274 20

## Validation (mean of 5 monthly windows), all candidates
```
                          base     pr    roc     p5     r5    p10    r10
seller prior fail rate   0.005  0.023  0.619  0.006  0.068  0.007  0.124
new-seller flag          0.005  0.010  0.562  0.010  0.140  0.007  0.174
seller backlog           0.005  0.004  0.457  0.000  0.000  0.003  0.057
seller prior miss rate   0.005  0.007  0.533  0.004  0.056  0.005  0.121
product prior fail rate  0.005  0.007  0.583  0.008  0.094  0.007  0.135
approval delay           0.005  0.010  0.515  0.002  0.026  0.004  0.077
logit C=0.01             0.005  0.027  0.648  0.014  0.197  0.011  0.270
logit C=0.1              0.005  0.037  0.654  0.014  0.174  0.011  0.290
logit C=1                0.005  0.019  0.657  0.012  0.155  0.011  0.255
hgb d2                   0.005  0.027  0.673  0.015  0.190  0.014  0.361
hgb d3                   0.005  0.019  0.690  0.019  0.239  0.013  0.317
hgb d5 l2=10             0.005  0.022  0.686  0.017  0.209  0.013  0.340
```
Selected on validation PR-AUC: best rule = seller prior fail rate; best model = logit C=0.1

## TEST (2018-05-26 on; n=19702, positives=87)
```
                               base     pr    roc     p5     r5    p10    r10
rule: seller prior fail rate  0.004  0.019  0.704  0.018  0.207  0.011  0.253
rule: new-seller flag         0.004  0.006  0.517  0.011  0.126  0.006  0.126
model: logit C=0.1            0.004  0.013  0.768  0.013  0.149  0.018  0.402
```

## TEST per month
```
                                                                    May26-31                                               Jun                                               Jul                                               Aug     Sep-Oct
rule: seller prior fail rate  PR 0.005 | R@5 0.00 | R@10 0.00 (n=773, pos=1)  PR 0.039 | R@5 0.20 | R@10 0.33 (n=6157, pos=15)  PR 0.038 | R@5 0.23 | R@10 0.28 (n=6164, pos=39)  PR 0.016 | R@5 0.16 | R@10 0.19 (n=6607, pos=32)  n=1, pos=0
rule: new-seller flag         PR 0.005 | R@5 0.00 | R@10 0.00 (n=773, pos=1)  PR 0.003 | R@5 0.07 | R@10 0.07 (n=6157, pos=15)  PR 0.009 | R@5 0.13 | R@10 0.13 (n=6164, pos=39)  PR 0.008 | R@5 0.16 | R@10 0.16 (n=6607, pos=32)  n=1, pos=0
model: logit C=0.1            PR 0.012 | R@5 0.00 | R@10 0.00 (n=773, pos=1)  PR 0.009 | R@5 0.20 | R@10 0.47 (n=6157, pos=15)  PR 0.019 | R@5 0.13 | R@10 0.44 (n=6164, pos=39)  PR 0.012 | R@5 0.12 | R@10 0.31 (n=6607, pos=32)  n=1, pos=0
```

## Permutation importance (test, drop in PR-AUC), top 10
```
s_ord7        0.0065
s_age         0.0046
s_hand        0.0026
catg          0.0019
same_state    0.0019
prod_n        0.0017
max_price     0.0010
namelen       0.0010
vol           0.0009
s_fail90      0.0006
```

## Review impact
Whole dataset: orders with a review 98673; bad (1-2 star) 14494 (0.147); bad reviews on fail orders 970 = 6.692% of all bad reviews; bad-review rate on fail orders 0.808 (n=1200), on others 0.139
Stuck-old orders with review 1635: bad rate 0.763; fail+stuck share of all bad reviews 15.296%
Test pop: reviewed 19604, bad 2077; bad on fail orders 73 = 3.51% of test bad reviews
5% review queue on test (bad = score<=2 on reviewed orders)
```
                              queue  fail_caught  fail_recall  bad_caught  share_of_all_bad  bad_rate_in_queue  bad_rate_overall
rule: seller prior fail rate  986.0         18.0        0.207       140.0             0.067              0.142             0.106
rule: new-seller flag         986.0         11.0        0.126        93.0             0.045              0.095             0.106
model: logit C=0.1            986.0         13.0        0.149       132.0             0.064              0.135             0.106
```

# ===== Target `fail2` (positives in scored pop 2182, rows used 98646) =====
fail2 val window 2018-01-01 31870 923 7140 149
fail2 val window 2018-02-01 39643 1092 6675 139
fail2 val window 2018-03-01 44756 1193 7269 186
fail2 val window 2018-04-01 51736 1340 6772 133
fail2 val window 2018-05-01 58940 1489 6274 104

## Validation (mean of 5 monthly windows), all candidates
```
                          base     pr    roc     p5     r5    p10    r10
seller prior fail rate   0.021  0.027  0.558  0.021  0.051  0.023  0.110
new-seller flag          0.021  0.024  0.523  0.031  0.075  0.024  0.119
seller backlog           0.021  0.021  0.497  0.015  0.037  0.019  0.094
seller prior miss rate   0.021  0.028  0.538  0.038  0.098  0.031  0.160
product prior fail rate  0.021  0.024  0.529  0.024  0.056  0.022  0.106
approval delay           0.021  0.023  0.508  0.017  0.041  0.019  0.095
logit C=0.01             0.021  0.036  0.591  0.051  0.127  0.046  0.230
logit C=0.1              0.021  0.039  0.600  0.050  0.126  0.045  0.225
logit C=1                0.021  0.038  0.600  0.049  0.125  0.042  0.213
hgb d2                   0.021  0.043  0.625  0.058  0.146  0.048  0.240
hgb d3                   0.021  0.044  0.630  0.059  0.147  0.048  0.239
hgb d5 l2=10             0.021  0.046  0.635  0.057  0.141  0.049  0.240
```
Selected on validation PR-AUC: best rule = seller prior miss rate; best model = hgb d5 l2=10

## TEST (2018-05-26 on; n=19696, positives=275)
```
                               base     pr    roc     p5     r5    p10    r10
rule: seller prior miss rate  0.014  0.019  0.587  0.015  0.055  0.020  0.142
rule: new-seller flag         0.014  0.016  0.524  0.019  0.069  0.016  0.113
model: hgb d5 l2=10           0.014  0.029  0.651  0.025  0.091  0.028  0.204
```

## TEST per month
```
                                                                    May26-31                                               Jun                                                Jul                                               Aug     Sep-Oct
rule: seller prior miss rate  PR 0.019 | R@5 0.33 | R@10 0.67 (n=773, pos=3)  PR 0.041 | R@5 0.07 | R@10 0.17 (n=6157, pos=60)  PR 0.026 | R@5 0.05 | R@10 0.16 (n=6164, pos=114)  PR 0.016 | R@5 0.03 | R@10 0.10 (n=6602, pos=98)  n=0, pos=0
rule: new-seller flag         PR 0.003 | R@5 0.00 | R@10 0.00 (n=773, pos=3)  PR 0.011 | R@5 0.05 | R@10 0.12 (n=6157, pos=60)  PR 0.023 | R@5 0.07 | R@10 0.10 (n=6164, pos=114)  PR 0.019 | R@5 0.09 | R@10 0.13 (n=6602, pos=98)  n=0, pos=0
model: hgb d5 l2=10           PR 0.171 | R@5 0.33 | R@10 0.33 (n=773, pos=3)  PR 0.035 | R@5 0.10 | R@10 0.13 (n=6157, pos=60)  PR 0.037 | R@5 0.11 | R@10 0.22 (n=6164, pos=114)  PR 0.023 | R@5 0.09 | R@10 0.19 (n=6602, pos=98)  n=0, pos=0
```

## Permutation importance (test, drop in PR-AUC), top 10
```
s_hand            0.0065
s_ord             0.0057
weight            0.0045
customer_state    0.0031
catg              0.0017
s_ord7            0.0015
vol               0.0010
seller_state      0.0008
prod_n            0.0007
max_price         0.0004
```
