
===== POINT A: n=97917 base=0.142
VALIDATION (mean of 5 windows)
                                                  base     PR    ROC    p@5    r@5   p@10   r@10
logit C=0.03                                    0.167  0.289  0.647  0.416  0.129  0.348  0.214
logit C=0.3                                     0.167  0.288  0.646  0.415  0.129  0.349  0.214
hgb d3 lr.05 it150                              0.167  0.287  0.642  0.428  0.133  0.346  0.213
hgb leaf15 lr.05 it200                          0.167  0.284  0.639  0.403  0.125  0.347  0.216
hgb leaf31 lr.03 it300                          0.167  0.285  0.639  0.417  0.130  0.345  0.214
seller prior bad rate                           0.167  0.221  0.572  0.293  0.091  0.255  0.156
n_sellers>=2 flag                               0.167  0.203  0.518  0.258  0.080  0.205  0.125
combined (multi-seller flag, then seller rate)  0.167  0.246  0.583  0.364  0.115  0.296  0.184
PR-AUC std across windows: {'logit C=0.03': 0.05, 'logit C=0.3': 0.05, 'hgb d3 lr.05 it150': 0.045, 'hgb leaf15 lr.05 it200': 0.042, 'hgb leaf31 lr.03 it300': 0.04, 'seller prior bad rate': 0.042, 'n_sellers>=2 flag': 0.039, 'combined (multi-seller flag, then seller rate)': 0.031} 
chosen model: logit C=0.03  chosen rule: combined (multi-seller flag, then seller rate)

TEST (purchases >= 2018-05-26, once): train n=75541 test n=19552
                                                       base     PR    ROC    p@5    r@5   p@10   r@10
MODEL logit C=0.03                                    0.106  0.192  0.615  0.302  0.142  0.237  0.224
rule: seller prior bad rate                           0.106  0.155  0.589  0.224  0.106  0.177  0.167
rule: n_sellers>=2 flag                               0.106  0.145  0.532  0.209  0.098  0.156  0.147
rule: combined (multi-seller flag, then seller rate)  0.106  0.184  0.602  0.297  0.140  0.214  0.202
MODEL(other family) hgb d3 lr.05 it150                0.106  0.190  0.620  0.298  0.140  0.237  0.224

TEST by month (model vs best rule):
   month    n  base  PR model  PR rule  r@10 model  r@10 rule  p@10 model  p@10 rule
2018-05  762 0.087     0.268    0.249       0.288      0.273       0.250      0.237
2018-06 6134 0.107     0.215    0.189       0.273      0.203       0.292      0.217
2018-07 6228 0.109     0.171    0.172       0.193      0.205       0.210      0.223
2018-08 6427 0.105     0.191    0.192       0.202      0.192       0.212      0.201
bootstrap model-rule diff: recall@10 0.023 [0.006, 0.040]; PR-AUC 0.008 [-0.002, 0.018]

Permutation importance (test PR-AUC drop), top 10:
 n_sellers        0.0243
sel_bad_max      0.0174
n_items          0.0171
price            0.0110
pay_value        0.0094
sel_n_max        0.0073
prod_bad_max     0.0047
max_price        0.0041
photos_mean      0.0041
freight_share    0.0035
